<html>
<body>
<pre>
<h1>礦ision Build Log</h1>
<h2>Tool Versions:</h2>
IDE-Version: μVision V5.24.2.86
Copyright (C) 2017 ARM Ltd and ARM Germany GmbH. All rights reserved.
License Information: 111 Administrator, 1, LIC=14HV2-9CAV6-NNWAF-6X0NY-3FT8S-XCIYH
 
Tool Versions:
Toolchain:       MDK-ARM Plus  Version: 5.24.1
Toolchain Path:  E:\Keil_v5\ARM\ARMCC\Bin
C Compiler:      Armcc.exe V5.06 update 5 (build 528)
Assembler:       Armasm.exe V5.06 update 5 (build 528)
Linker/Locator:  ArmLink.exe V5.06 update 5 (build 528)
Library Manager: ArmAr.exe V5.06 update 5 (build 528)
Hex Converter:   FromElf.exe V5.06 update 5 (build 528)
CPU DLL:         SARMCM3.DLL V5.24.1
Dialog DLL:      DCM.DLL V1.16.0.0
Target DLL:      STLink\ST-LINKIII-KEIL_SWO.dll V3.0.1.0
Dialog DLL:      TCM.DLL V1.32.0.0
 
<h2>Project:</h2>
C:\Users\Administrator\Desktop\stm32_kesheh\project\oled_1_9\Project.uvprojx
Project File Date:  01/06/2025

<h2>Output:</h2>
*** Using Compiler 'V5.06 update 5 (build 528)', folder: 'E:\Keil_v5\ARM\ARMCC\Bin'
Build target 'Target 1'
compiling main.c...
User\main.c(65): warning:  #223-D: function "memset" declared implicitly
      memset(receivedPassword, 0, sizeof(receivedPassword));
User\main.c(154): warning:  #223-D: function "Buzzer_Init" declared implicitly
  	Buzzer_Init();
User\main.c(664): warning:  #223-D: function "Buzzer1" declared implicitly
                                      Buzzer1();
User\main.c(766): warning:  #223-D: function "Buzzer1" declared implicitly
  								Buzzer1();	//删除成功后蜂鸣器响一声
User\main.c(785): warning:  #223-D: function "Buzzer1" declared implicitly
  								Buzzer1();
User\main.c(804): warning:  #223-D: function "Buzzer1" declared implicitly
  								Buzzer1();
User\main.c(823): warning:  #223-D: function "Buzzer1" declared implicitly
  								Buzzer1();
User\main.c(843): warning:  #223-D: function "strcmp" declared implicitly
                      if (strcmp(receivedPassword, "1234") == 0) {
User\main.c(870): warning:  #223-D: function "strncpy" declared implicitly
                      strncpy(last_receivedPassword, receivedPassword, BUFFER_SIZE);
User\main.c(964): warning:  #223-D: function "Buzzer_Alarm" declared implicitly
  			Buzzer_Alarm();			// 发出警报音
User\main.c: 10 warnings, 0 errors
linking...
Program Size: Code=12436 RO-data=1852 RW-data=132 ZI-data=1676  
".\Objects\Project.axf" - 0 Error(s), 10 Warning(s).

<h2>Software Packages used:</h2>

Package Vendor: Keil
                http://www.keil.com/pack/Keil.STM32F1xx_DFP.2.2.0.pack
                Keil.STM32F1xx_DFP.2.2.0
                STMicroelectronics STM32F1 Series Device Support, Drivers and Examples

<h2>Collection of Component include folders:</h2>
  .\RTE\_Target_1
  E:\Keil_v5\ARM\PACK\Keil\STM32F1xx_DFP\2.2.0\Device\Include

<h2>Collection of Component Files used:</h2>
Build Time Elapsed:  00:00:01
</pre>
</body>
</html>
